<source>:6:12: error: unsafe block requires --allow-unsafe [E-AUTO-71c505f6]
<source>:None:None: error: raw buffer intrinsics are restricted to toolchain-trusted modules [E-AUTO-0f97fc67]
<source>:None:None: error: unsafe block requires --allow-unsafe [E-AUTO-71c505f6]
<source>:None:None: error: raw buffer intrinsics are restricted to toolchain-trusted modules [E-AUTO-0f97fc67]
<source>:8:10: error: unsafe block requires --allow-unsafe [E-AUTO-71c505f6]
<source>:None:None: error: raw buffer intrinsics are restricted to toolchain-trusted modules [E-AUTO-0f97fc67]
<source>:None:None: error: unsafe block requires --allow-unsafe [E-AUTO-71c505f6]
<source>:None:None: error: raw buffer intrinsics are restricted to toolchain-trusted modules [E-AUTO-0f97fc67]
<source>:11:13: error: unsafe block requires --allow-unsafe [E-AUTO-71c505f6]
<source>:None:None: error: raw buffer intrinsics are restricted to toolchain-trusted modules [E-AUTO-0f97fc67]
<source>:None:None: error: unsafe block requires --allow-unsafe [E-AUTO-71c505f6]
<source>:None:None: error: raw buffer intrinsics are restricted to toolchain-trusted modules [E-AUTO-0f97fc67]
<source>:13:11: error: unsafe block requires --allow-unsafe [E-AUTO-71c505f6]
<source>:None:None: error: raw buffer intrinsics are restricted to toolchain-trusted modules [E-AUTO-0f97fc67]
<source>:None:None: error: unsafe block requires --allow-unsafe [E-AUTO-71c505f6]
<source>:None:None: error: raw buffer intrinsics are restricted to toolchain-trusted modules [E-AUTO-0f97fc67]
<source>:15:11: error: unsafe block requires --allow-unsafe [E-AUTO-71c505f6]
<source>:None:None: error: raw buffer intrinsics are restricted to toolchain-trusted modules [E-AUTO-0f97fc67]
<source>:None:None: error: unsafe block requires --allow-unsafe [E-AUTO-71c505f6]
<source>:None:None: error: raw buffer intrinsics are restricted to toolchain-trusted modules [E-AUTO-0f97fc67]
<source>:18:12: error: cannot copy 'x': type 'Unknown' Copy is unknown (element type contains Unknown) [E-COPY-UNKNOWN]
<source>:19:5: error: cannot copy 'b1': type 'Unknown' Copy is unknown (element type contains Unknown) [E-COPY-UNKNOWN]
<source>:19:16: error: cannot copy 'sum': type 'Unknown' Copy is unknown (element type contains Unknown) [E-COPY-UNKNOWN]
<source>:20:5: error: cannot copy 'b0': type 'Unknown' Copy is unknown (element type contains Unknown) [E-COPY-UNKNOWN]
<source>:20:16: error: cannot copy 'sum': type 'Unknown' Copy is unknown (element type contains Unknown) [E-COPY-UNKNOWN]
<source>:21:9: error: cannot copy 'sum': type 'Unknown' Copy is unknown (element type contains Unknown) [E-COPY-UNKNOWN]
